Testing Gemini API...
Endpoint: https://generativelanguage.googleapis.com/v1/models/gemini-1.5-flash:generateContent?key=AIzaSyA0XE0iariFD8RCltI4uF0w20Ghz6Bd6Cc

HTTP Code: 404

Response:
{
  "error": {
    "code": 404,
    "message": "models/gemini-1.5-flash is not found for API version v1, or is not supported for generateContent. Call ListModels to see the list of available models and their supported methods.",
    "status": "NOT_FOUND"
  }
}


Parsed Response:
Array
(
    [error] => Array
        (
            [code] => 404
            [message] => models/gemini-1.5-flash is not found for API version v1, or is not supported for generateContent. Call ListModels to see the list of available models and their supported methods.
            [status] => NOT_FOUND
        )

)
